../Core/Src/main.c:88:6:HAL_TIM_PeriodElapsedCallback	56	static
../Core/Src/main.c:113:6:HAL_TIM_IC_CaptureCallback	32	static
../Core/Src/main.c:220:5:main	8	static
../Core/Src/main.c:277:6:SystemClock_Config	88	static
../Core/Src/main.c:324:13:MX_SPI2_Init	8	static
../Core/Src/main.c:362:13:MX_TIM2_Init	48	static
../Core/Src/main.c:432:13:MX_TIM3_Init	32	static
../Core/Src/main.c:477:13:MX_TIM4_Init	64	static
../Core/Src/main.c:552:13:MX_GPIO_Init	40	static
../Core/Src/main.c:584:6:Error_Handler	4	static,ignoring_inline_asm
