../Drivers/CMSIS/Include/core_cm4.h:2064:26:ITM_SendChar	16	static,ignoring_inline_asm
../Core/Src/main.c:110:6:HAL_TIM_PeriodElapsedCallback	56	static
../Core/Src/main.c:139:6:HAL_TIM_IC_CaptureCallback	32	static
../Core/Src/main.c:244:6:HAL_ADC_ConvCpltCallback	16	static
../Core/Src/main.c:254:5:main	8	static
../Core/Src/main.c:349:6:SystemClock_Config	88	static
../Core/Src/main.c:395:13:MX_ADC1_Init	24	static
../Core/Src/main.c:447:13:MX_SPI2_Init	8	static
../Core/Src/main.c:485:13:MX_TIM2_Init	48	static
../Core/Src/main.c:559:13:MX_TIM3_Init	32	static
../Core/Src/main.c:604:13:MX_TIM4_Init	64	static
../Core/Src/main.c:679:13:MX_GPIO_Init	48	static
../Core/Src/main.c:726:5:_write	32	static
../Core/Src/main.c:741:6:Error_Handler	4	static,ignoring_inline_asm
