../Core/Src/main.c:93:6:HAL_TIM_PeriodElapsedCallback	56	static
../Core/Src/main.c:120:6:HAL_TIM_IC_CaptureCallback	32	static
../Core/Src/main.c:227:5:main	8	static
../Core/Src/main.c:285:6:SystemClock_Config	88	static
../Core/Src/main.c:332:13:MX_SPI2_Init	8	static
../Core/Src/main.c:370:13:MX_TIM2_Init	48	static
../Core/Src/main.c:440:13:MX_TIM3_Init	32	static
../Core/Src/main.c:485:13:MX_TIM4_Init	64	static
../Core/Src/main.c:560:13:MX_GPIO_Init	40	static
../Core/Src/main.c:603:6:Error_Handler	4	static,ignoring_inline_asm
