19:31:29 **** Incremental Build of configuration Debug for project QUADCOPTER_MOTOR_CONTROL_IMU ****
make -j20 all 
arm-none-eabi-gcc "../Core/Src/main.c" -mcpu=cortex-m4 -std=gnu11 -g3 -DDEBUG -DUSE_HAL_DRIVER -DSTM32F401xC -c -I../Core/Inc -I../Drivers/STM32F4xx_HAL_Driver/Inc -I../Drivers/STM32F4xx_HAL_Driver/Inc/Legacy -I../Drivers/CMSIS/Device/ST/STM32F4xx/Include -I../Drivers/CMSIS/Include -O0 -ffunction-sections -fdata-sections -Wall -fstack-usage -fcyclomatic-complexity -MMD -MP -MF"Core/Src/main.d" -MT"Core/Src/main.o" --specs=nano.specs -mfpu=fpv4-sp-d16 -mfloat-abi=hard -mthumb -o "Core/Src/main.o"
arm-none-eabi-gcc -o "QUADCOPTER_MOTOR_CONTROL_IMU.elf" @"objects.list"   -mcpu=cortex-m4 -T"C:\Users\yerke\Dropbox\online course\GitHub\stm32-drone-fcu001v2\course_firmware\QUADCOPTER_MOTOR_CONTROL_IMU\STM32F401CCUX_FLASH.ld" --specs=nosys.specs -Wl,-Map="QUADCOPTER_MOTOR_CONTROL_IMU.map" -Wl,--gc-sections -static --specs=nano.specs -mfpu=fpv4-sp-d16 -mfloat-abi=hard -mthumb -Wl,--start-group -lc -lm -Wl,--end-group
Finished building target: QUADCOPTER_MOTOR_CONTROL_IMU.elf
 
arm-none-eabi-size  QUADCOPTER_MOTOR_CONTROL_IMU.elf 
arm-none-eabi-objdump -h -S QUADCOPTER_MOTOR_CONTROL_IMU.elf  > "QUADCOPTER_MOTOR_CONTROL_IMU.list"
   text	   data	    bss	    dec	    hex	filename
  15808	     44	   1732	  17584	   44b0	QUADCOPTER_MOTOR_CONTROL_IMU.elf
Finished building: default.size.stdout
 
Finished building: QUADCOPTER_MOTOR_CONTROL_IMU.list
 

19:31:30 Build Finished. 0 errors, 0 warnings. (took 1s.73ms)

